src/app/features/AutenticacionySeguridad/Gestionar_Usuarios/screen/Gestionar_Usuarios.tsx(28,5): error TS2339: Property 'editarUsuario' does not exist on type '{ usuarios: Usuario[]; usuariosFiltrados: Usuario[]; search: string; setSearch: Dispatch<SetStateAction<string>>; rolFilter: UserRole | "Todos"; ... 8 more ...; cambiarEstadoUsuario: (id: number) => void; }'.
src/app/features/AutenticacionySeguridad/Gestionar_Usuarios/store/useGestionarUsuarios.ts(62,9): error TS6133: 'editarUsuario' is declared but its value is never read.
src/app/features/dashboard/components/AppointmentsTable.tsx(1,8): error TS6133: 'React' is declared but its value is never read.
src/app/features/dashboard/components/RecentActivity.tsx(61,38): error TS6133: 'index' is declared but its value is never read.
src/app/features/dashboard/components/StatCard.tsx(1,10): error TS1484: 'ReactNode' is a type and must be imported using a type-only import when 'verbatimModuleSyntax' is enabled.
src/app/features/dashboard/components/StatCard.tsx(2,1): error TS6192: All imports in import declaration are unused.
src/app/features/dashboard/components/StatCard.tsx(2,35): error TS2307: Cannot find module '@/components/ui/card' or its corresponding type declarations.
src/routes/__root.tsx(9,1): error TS6133: 'Children' is declared but its value is never read.
src/routes/dashboard.tsx(4,38): error TS2345: Argument of type '"/dashboard"' is not assignable to parameter of type 'keyof FileRoutesByPath | undefined'.
